
> mi-dashboard@0.0.0 build
> ng build

[baseline-browser-mapping] The data in this module is over two months old.  To ensure accurate Baseline data, please update: `npm i baseline-browser-mapping@latest -D`
[33mÔØ»[39m Building...
[baseline-browser-mapping] The data in this module is over two months old.  To ensure accurate Baseline data, please update: `npm i baseline-browser-mapping@latest -D`
[32mÔ£ö[39m Building...
[35mBrowser bundles[39m      
[1mInitial chunk files[22m  [2m | [22m[1mNames[22m           [2m | [22m [1mRaw size[22m[2m | [22m[1mEstimated transfer size[22m
[32mchunk-KPDPBYXW.js[39m    [2m | [22m[2m-[22m               [2m | [22m[36m339.83 kB[39m[2m | [22m               [36m88.10 kB[39m
[32mchunk-MXAXT7XM.js[39m    [2m | [22m[2m-[22m               [2m | [22m[36m139.77 kB[39m[2m | [22m               [36m32.10 kB[39m
[32mpolyfills-B6TNHZQ6.js[39m[2m | [22m[2mpolyfills[22m       [2m | [22m [36m34.58 kB[39m[2m | [22m               [36m11.32 kB[39m
[32mmain-UTE2UHJ3.js[39m     [2m | [22m[2mmain[22m            [2m | [22m [36m29.05 kB[39m[2m | [22m                [36m6.84 kB[39m
[32mchunk-HEMMK5H6.js[39m    [2m | [22m[2m-[22m               [2m | [22m  [36m1.89 kB[39m[2m | [22m              [36m709 bytes[39m
[32mstyles-2JITFWPQ.css[39m  [2m | [22m[2mstyles[22m          [2m | [22m[36m378 bytes[39m[2m | [22m              [36m378 bytes[39m

[1m [22m                    [2m | [22m[1mInitial total[22m   [2m | [22m[1m[93m545.50 kB[39m[22m[2m | [22m              [1m139.45 kB[22m

[1mLazy chunk files[22m     [2m | [22m[1mNames[22m           [2m | [22m [1mRaw size[22m[2m | [22m[1mEstimated transfer size[22m
[32mchunk-FSJGHYUN.js[39m    [2m | [22m[2mproducts-module[22m [2m | [22m[36m107.71 kB[39m[2m | [22m               [36m20.96 kB[39m
[32mchunk-NETJ4XKT.js[39m    [2m | [22m[2mcaja-module[22m     [2m | [22m [36m29.17 kB[39m[2m | [22m                [36m6.47 kB[39m
[32mchunk-AVA3S2WC.js[39m    [2m | [22m[2msales-module[22m    [2m | [22m [36m16.70 kB[39m[2m | [22m                [36m4.58 kB[39m
[32mchunk-BLCI6LJI.js[39m    [2m | [22m[2m-[22m               [2m | [22m[36m948 bytes[39m[2m | [22m              [36m948 bytes[39m


[35mServer bundles[39m       
[1mInitial chunk files[22m  [2m | [22m[1mNames[22m           [2m | [22m [1mRaw size[22m
[32mserver.mjs[39m           [2m | [22m[2mserver[22m          [2m | [22m  [36m1.33 MB[39m[2m | [22m                       
[32mmain.server.mjs[39m      [2m | [22m[2mmain.server[22m     [2m | [22m[36m476.02 kB[39m[2m | [22m                       
[32mchunk-S3JTCWO4.mjs[39m   [2m | [22m[2m-[22m               [2m | [22m[36m353.16 kB[39m[2m | [22m                       
[32mpolyfills.server.mjs[39m [2m | [22m[2mpolyfills.server[22m[2m | [22m[36m266.08 kB[39m[2m | [22m                       
[32mchunk-ODJ4GJZH.mjs[39m   [2m | [22m[2m-[22m               [2m | [22m[36m139.26 kB[39m[2m | [22m                       
[32mchunk-X2SEQXRR.mjs[39m   [2m | [22m[2m-[22m               [2m | [22m  [36m2.41 kB[39m[2m | [22m                       
[32mchunk-U6LK45VE.mjs[39m   [2m | [22m[2m-[22m               [2m | [22m  [36m1.93 kB[39m[2m | [22m                       
[32mchunk-GFUZYSQG.mjs[39m   [2m | [22m[2m-[22m               [2m | [22m  [36m1.24 kB[39m[2m | [22m                       

[1mLazy chunk files[22m     [2m | [22m[1mNames[22m           [2m | [22m [1mRaw size[22m
[32mchunk-VJJVQYDI.mjs[39m   [2m | [22m[2mproducts-module[22m [2m | [22m[36m107.67 kB[39m[2m | [22m                       
[32mchunk-EP2HOSE7.mjs[39m   [2m | [22m[2mcaja-module[22m     [2m | [22m [36m29.25 kB[39m[2m | [22m                       
[32mchunk-FENN3JL7.mjs[39m   [2m | [22m[2msales-module[22m    [2m | [22m [36m16.77 kB[39m[2m | [22m                       
[32mchunk-EJSJJTUO.mjs[39m   [2m | [22m[2mxhr2[22m            [2m | [22m [36m12.14 kB[39m[2m | [22m                       
[32mchunk-TNO4MGIL.mjs[39m   [2m | [22m[2mxhr2[22m            [2m | [22m [36m12.07 kB[39m[2m | [22m                       
[32mchunk-SD5SRD2N.mjs[39m   [2m | [22m[2m-[22m               [2m | [22m[36m987 bytes[39m[2m | [22m                       

[35mPrerendered 27 static routes.[39m
Application bundle generation failed. [9.934 seconds]

Ôû▓ [WARNING] bundle initial exceeded maximum budget. Budget 500.00 kB was not met by 45.50 kB with a total of 545.50 kB.


Ôû▓ [WARNING] src/app/pages/dashboard/dashboard.component.css exceeded maximum budget. Budget 4.00 kB was not met by 685 bytes with a total of 4.68 kB.


Ôû▓ [WARNING] src/app/pages/sales/new-sale/new-sale.component.css exceeded maximum budget. Budget 4.00 kB was not met by 1.34 kB with a total of 5.34 kB.


Ôû▓ [WARNING] src/app/pages/products/expiration-dashboard/expiration-dashboard.component.css exceeded maximum budget. Budget 4.00 kB was not met by 616 bytes with a total of 4.62 kB.


Ôû▓ [WARNING] src/app/pages/products/kardex/kardex.component.css exceeded maximum budget. Budget 4.00 kB was not met by 6.08 kB with a total of 10.08 kB.


Ôû▓ [WARNING] src/app/pages/products/product-list/product-list.component.css exceeded maximum budget. Budget 4.00 kB was not met by 5.43 kB with a total of 9.43 kB.


Ôû▓ [WARNING] src/app/pages/products/product-search/product-search.component.css exceeded maximum budget. Budget 4.00 kB was not met by 3.11 kB with a total of 7.11 kB.


Ôû▓ [WARNING] src/app/pages/purchases/purchase-entry/purchase-entry.component.css exceeded maximum budget. Budget 4.00 kB was not met by 2.28 kB with a total of 6.28 kB.


Ôû▓ [WARNING] src/app/pages/products/product-form/product-form.component.scss exceeded maximum budget. Budget 4.00 kB was not met by 1.38 kB with a total of 5.38 kB.


X [ERROR] src/app/pages/products/kardex/kardex.component.css exceeded maximum budget. Budget 8.00 kB was not met by 2.08 kB with a total of 10.08 kB.


X [ERROR] src/app/pages/products/product-list/product-list.component.css exceeded maximum budget. Budget 8.00 kB was not met by 1.43 kB with a total of 9.43 kB.


X [ERROR] The 'app/productos/editar/:id' route uses prerendering and includes parameters, but 'getPrerenderParams' is missing. Please define 'getPrerenderParams' function for this route in your server routing configuration or specify a different 'renderMode'.


X [ERROR] The 'app/productos/kardex/:id' route uses prerendering and includes parameters, but 'getPrerenderParams' is missing. Please define 'getPrerenderParams' function for this route in your server routing configuration or specify a different 'renderMode'.


X [ERROR] The 'app/kardex/editar/:id' route uses prerendering and includes parameters, but 'getPrerenderParams' is missing. Please define 'getPrerenderParams' function for this route in your server routing configuration or specify a different 'renderMode'.


X [ERROR] The 'app/kardex/kardex/:id' route uses prerendering and includes parameters, but 'getPrerenderParams' is missing. Please define 'getPrerenderParams' function for this route in your server routing configuration or specify a different 'renderMode'.


